// Jest Snapshot v1, https://goo.gl/fbAQLP

exports[`<About /> renders a snapshot successfully 1`] = `
<div
  className="container"
>
  <div
    className="columns"
  >
    <div
      className="column"
    >
      <h3
        className="title is-3"
      >
        About
      </h3>
      <hr />
      <br />
      <p>
        Welcome to LeetRank!
      </p>
    </div>
  </div>
</div>
`;
