// Jest Snapshot v1, https://goo.gl/fbAQLP

exports[`<AddUser /> should render a snapshot successfully 1`] = `
<form
  className="form"
>
  <div
    className="field"
  >
    <label
      className="label"
    >
      Username
    </label>
    <div
      className="control"
    >
      <input
        className="input"
        name="username"
        placeholder="i.e. johnsmith"
        required={true}
        type="text"
      />
    </div>
  </div>
  <div
    className="field"
  >
    <label
      className="label"
    >
      Email
    </label>
    <div
      className="control"
    >
      <input
        className="input"
        name="email"
        placeholder="i.e. johnsmith@example.com"
        required={true}
        type="email"
      />
    </div>
  </div>
  <button
    className="button"
    type="button"
  >
    Submit
  </button>
</form>
`;
