// Jest Snapshot v1, https://goo.gl/fbAQLP

exports[`<Users /> renders a snapshot successfully 1`] = `
Array [
  <h3
    className="title is-3 has-text-centered"
  >
    Active Users
  </h3>,
  <br />,
  <div
    className="level"
  >
    <div
      className="level-left"
    >
      <div
        className="level-item"
      >
        <p
          className="username"
        >
          testuser
        </p>
      </div>
    </div>
  </div>,
  <div
    className="level"
  >
    <div
      className="level-left"
    >
      <div
        className="level-item"
      >
        <p
          className="username"
        >
          testuser2
        </p>
      </div>
    </div>
  </div>,
]
`;
