// Jest Snapshot v1, https://goo.gl/fbAQLP

exports[`<Exercises /> renders a snapshot successfully 1`] = `
<div
  className="container"
>
  <h1
    className="title is-3"
  >
    Exercises
  </h1>
  <div
    className="level"
  >
    <div
      className="box is-borderless is-shadowless"
    >
      <span>
        Define a function called sum that takes two integers as arguments
      and returns their sum.
      </span>
    </div>
  </div>
  <div
    className="level"
  >
    <button
      className="button"
      type="submit"
    >
      Run
    </button>
  </div>
</div>
`;
